// Jest Snapshot v1, https://goo.gl/fbAQLP

exports[`VideoItem Test renders correctly 1`] = `
<button
  className="w-90 max-w-96 flex-column border rounded-lg m-3 shadow-lg"
  type="button"
>
  <img
    alt="title"
    className="w-full max-h-36 object-cover rounded-t-md"
  />
  <div
    className="p-4"
  >
    <h2
      className="mb-2"
    >
      title
    </h2>
    <p
      className="text-gray-500"
    >
      desc
    </p>
  </div>
</button>
`;
