// Jest Snapshot v1, https://goo.gl/fbAQLP

exports[`Switch Component renders correctly 1`] = `
<div>
  <label
    className="sc-bdfBwQ hfvcRx"
  >
    <input
      defaultChecked={true}
      type="checkbox"
    />
    <span
      className="sc-gsTCUz knPZT"
    />
  </label>
   
  Dark Mode
</div>
`;
